Archive member included to satisfy reference by file (symbol)

c:/program files (x86)/atmel/studio/7.0/toolchain/avr8/avr8-gnu-toolchain/bin/../lib/gcc/avr/5.4.0/../../../../avr/lib/avr5\libm.a(floatsisf.o)
                              APP_LAYER/LAB_ADC_Synch/ADC_Synch.o (__floatunsisf)
c:/program files (x86)/atmel/studio/7.0/toolchain/avr8/avr8-gnu-toolchain/bin/../lib/gcc/avr/5.4.0/../../../../avr/lib/avr5\libm.a(gesf2.o)
                              APP_LAYER/LAB_ADC_Synch/ADC_Synch.o (__gtsf2)
c:/program files (x86)/atmel/studio/7.0/toolchain/avr8/avr8-gnu-toolchain/bin/../lib/gcc/avr/5.4.0/../../../../avr/lib/avr5\libm.a(mulsf3.o)
                              APP_LAYER/LAB_ADC_Synch/ADC_Synch.o (__mulsf3)
c:/program files (x86)/atmel/studio/7.0/toolchain/avr8/avr8-gnu-toolchain/bin/../lib/gcc/avr/5.4.0/../../../../avr/lib/avr5\libm.a(mulsf3x.o)
                              c:/program files (x86)/atmel/studio/7.0/toolchain/avr8/avr8-gnu-toolchain/bin/../lib/gcc/avr/5.4.0/../../../../avr/lib/avr5\libm.a(mulsf3.o) (__mulsf3x)
c:/program files (x86)/atmel/studio/7.0/toolchain/avr8/avr8-gnu-toolchain/bin/../lib/gcc/avr/5.4.0/../../../../avr/lib/avr5\libm.a(fp_cmp.o)
                              c:/program files (x86)/atmel/studio/7.0/toolchain/avr8/avr8-gnu-toolchain/bin/../lib/gcc/avr/5.4.0/../../../../avr/lib/avr5\libm.a(gesf2.o) (__fp_cmp)
c:/program files (x86)/atmel/studio/7.0/toolchain/avr8/avr8-gnu-toolchain/bin/../lib/gcc/avr/5.4.0/../../../../avr/lib/avr5\libm.a(fp_inf.o)
                              c:/program files (x86)/atmel/studio/7.0/toolchain/avr8/avr8-gnu-toolchain/bin/../lib/gcc/avr/5.4.0/../../../../avr/lib/avr5\libm.a(mulsf3x.o) (__fp_inf)
c:/program files (x86)/atmel/studio/7.0/toolchain/avr8/avr8-gnu-toolchain/bin/../lib/gcc/avr/5.4.0/../../../../avr/lib/avr5\libm.a(fp_nan.o)
                              c:/program files (x86)/atmel/studio/7.0/toolchain/avr8/avr8-gnu-toolchain/bin/../lib/gcc/avr/5.4.0/../../../../avr/lib/avr5\libm.a(mulsf3x.o) (__fp_nan)
c:/program files (x86)/atmel/studio/7.0/toolchain/avr8/avr8-gnu-toolchain/bin/../lib/gcc/avr/5.4.0/../../../../avr/lib/avr5\libm.a(fp_pscA.o)
                              c:/program files (x86)/atmel/studio/7.0/toolchain/avr8/avr8-gnu-toolchain/bin/../lib/gcc/avr/5.4.0/../../../../avr/lib/avr5\libm.a(mulsf3x.o) (__fp_pscA)
c:/program files (x86)/atmel/studio/7.0/toolchain/avr8/avr8-gnu-toolchain/bin/../lib/gcc/avr/5.4.0/../../../../avr/lib/avr5\libm.a(fp_pscB.o)
                              c:/program files (x86)/atmel/studio/7.0/toolchain/avr8/avr8-gnu-toolchain/bin/../lib/gcc/avr/5.4.0/../../../../avr/lib/avr5\libm.a(mulsf3x.o) (__fp_pscB)
c:/program files (x86)/atmel/studio/7.0/toolchain/avr8/avr8-gnu-toolchain/bin/../lib/gcc/avr/5.4.0/../../../../avr/lib/avr5\libm.a(fp_round.o)
                              c:/program files (x86)/atmel/studio/7.0/toolchain/avr8/avr8-gnu-toolchain/bin/../lib/gcc/avr/5.4.0/../../../../avr/lib/avr5\libm.a(mulsf3.o) (__fp_round)
c:/program files (x86)/atmel/studio/7.0/toolchain/avr8/avr8-gnu-toolchain/bin/../lib/gcc/avr/5.4.0/../../../../avr/lib/avr5\libm.a(fp_split3.o)
                              c:/program files (x86)/atmel/studio/7.0/toolchain/avr8/avr8-gnu-toolchain/bin/../lib/gcc/avr/5.4.0/../../../../avr/lib/avr5\libm.a(mulsf3x.o) (__fp_split3)
c:/program files (x86)/atmel/studio/7.0/toolchain/avr8/avr8-gnu-toolchain/bin/../lib/gcc/avr/5.4.0/../../../../avr/lib/avr5\libm.a(fp_zero.o)
                              c:/program files (x86)/atmel/studio/7.0/toolchain/avr8/avr8-gnu-toolchain/bin/../lib/gcc/avr/5.4.0/../../../../avr/lib/avr5\libm.a(mulsf3x.o) (__fp_szero)
c:/program files (x86)/atmel/studio/7.0/toolchain/avr8/avr8-gnu-toolchain/bin/../lib/gcc/avr/5.4.0/avr5\libgcc.a(_exit.o)
                              C:/Program Files (x86)/Atmel/Studio/7.0/Packs/atmel/ATmega_DFP/1.7.374/gcc/dev/atmega32/avr5/crtatmega32.o (exit)
c:/program files (x86)/atmel/studio/7.0/toolchain/avr8/avr8-gnu-toolchain/bin/../lib/gcc/avr/5.4.0/avr5\libgcc.a(_copy_data.o)
                              HAL_LAYER/BUTTON_MODULE/BUTTON_Config.o (__do_copy_data)
c:/program files (x86)/atmel/studio/7.0/toolchain/avr8/avr8-gnu-toolchain/bin/../lib/gcc/avr/5.4.0/avr5\libgcc.a(_clear_bss.o)
                              APP_LAYER/LAB_ADC_Synch/ADC_Synch.o (__do_clear_bss)

Allocating common symbols
Common symbol       size              file

TIMER0_TimeMS       0x1               MCAL_LAYER/TIMER/Timer.o

Discarded input sections

 .data          0x00000000        0x0 C:/Program Files (x86)/Atmel/Studio/7.0/Packs/atmel/ATmega_DFP/1.7.374/gcc/dev/atmega32/avr5/crtatmega32.o
 .bss           0x00000000        0x0 C:/Program Files (x86)/Atmel/Studio/7.0/Packs/atmel/ATmega_DFP/1.7.374/gcc/dev/atmega32/avr5/crtatmega32.o
 .text          0x00000000        0x0 APP_LAYER/LAB1/LED_LAB.o
 .data          0x00000000        0x0 APP_LAYER/LAB1/LED_LAB.o
 .bss           0x00000000        0x0 APP_LAYER/LAB1/LED_LAB.o
 .debug_line    0x00000000        0x0 APP_LAYER/LAB1/LED_LAB.o
 .debug_str     0x00000000      0x158 APP_LAYER/LAB1/LED_LAB.o
 .comment       0x00000000       0x31 APP_LAYER/LAB1/LED_LAB.o
 .text          0x00000000        0x0 APP_LAYER/LAB2/BUTTON_LAB.o
 .data          0x00000000        0x0 APP_LAYER/LAB2/BUTTON_LAB.o
 .bss           0x00000000        0x0 APP_LAYER/LAB2/BUTTON_LAB.o
 .debug_line    0x00000000        0x0 APP_LAYER/LAB2/BUTTON_LAB.o
 .debug_str     0x00000000      0x15b APP_LAYER/LAB2/BUTTON_LAB.o
 .comment       0x00000000       0x31 APP_LAYER/LAB2/BUTTON_LAB.o
 .text          0x00000000        0x0 APP_LAYER/LAB3/SSD_LAB.o
 .data          0x00000000        0x0 APP_LAYER/LAB3/SSD_LAB.o
 .bss           0x00000000        0x0 APP_LAYER/LAB3/SSD_LAB.o
 .debug_line    0x00000000        0x0 APP_LAYER/LAB3/SSD_LAB.o
 .debug_str     0x00000000      0x158 APP_LAYER/LAB3/SSD_LAB.o
 .comment       0x00000000       0x31 APP_LAYER/LAB3/SSD_LAB.o
 .text          0x00000000        0x0 APP_LAYER/LAB4/DigitalTimerDesign.o
 .data          0x00000000        0x0 APP_LAYER/LAB4/DigitalTimerDesign.o
 .bss           0x00000000        0x0 APP_LAYER/LAB4/DigitalTimerDesign.o
 .debug_line    0x00000000        0x0 APP_LAYER/LAB4/DigitalTimerDesign.o
 .debug_str     0x00000000      0x163 APP_LAYER/LAB4/DigitalTimerDesign.o
 .comment       0x00000000       0x31 APP_LAYER/LAB4/DigitalTimerDesign.o
 .text          0x00000000        0x0 APP_LAYER/LAB5/EXTI_LAB.o
 .data          0x00000000        0x0 APP_LAYER/LAB5/EXTI_LAB.o
 .bss           0x00000000        0x0 APP_LAYER/LAB5/EXTI_LAB.o
 .debug_line    0x00000000        0x0 APP_LAYER/LAB5/EXTI_LAB.o
 .debug_str     0x00000000      0x159 APP_LAYER/LAB5/EXTI_LAB.o
 .comment       0x00000000       0x31 APP_LAYER/LAB5/EXTI_LAB.o
 .text          0x00000000        0x0 APP_LAYER/LAB6/LCD_LAB.o
 .data          0x00000000        0x0 APP_LAYER/LAB6/LCD_LAB.o
 .bss           0x00000000        0x0 APP_LAYER/LAB6/LCD_LAB.o
 .debug_line    0x00000000        0x0 APP_LAYER/LAB6/LCD_LAB.o
 .debug_str     0x00000000      0x158 APP_LAYER/LAB6/LCD_LAB.o
 .comment       0x00000000       0x31 APP_LAYER/LAB6/LCD_LAB.o
 .text          0x00000000        0x0 APP_LAYER/LAB7/Keypad_LAB.o
 .data          0x00000000        0x0 APP_LAYER/LAB7/Keypad_LAB.o
 .bss           0x00000000        0x0 APP_LAYER/LAB7/Keypad_LAB.o
 .debug_line    0x00000000        0x0 APP_LAYER/LAB7/Keypad_LAB.o
 .debug_str     0x00000000      0x15b APP_LAYER/LAB7/Keypad_LAB.o
 .comment       0x00000000       0x31 APP_LAYER/LAB7/Keypad_LAB.o
 .text          0x00000000        0x0 APP_LAYER/LAB_ADC_Asynch/adc_app.o
 .data          0x00000000        0x0 APP_LAYER/LAB_ADC_Asynch/adc_app.o
 .bss           0x00000000        0x0 APP_LAYER/LAB_ADC_Asynch/adc_app.o
 .debug_line    0x00000000        0x0 APP_LAYER/LAB_ADC_Asynch/adc_app.o
 .debug_str     0x00000000      0x162 APP_LAYER/LAB_ADC_Asynch/adc_app.o
 .comment       0x00000000       0x31 APP_LAYER/LAB_ADC_Asynch/adc_app.o
 .text          0x00000000        0x0 APP_LAYER/LAB_ADC_Synch/ADC_Synch.o
 .data          0x00000000        0x0 APP_LAYER/LAB_ADC_Synch/ADC_Synch.o
 .bss           0x00000000        0x0 APP_LAYER/LAB_ADC_Synch/ADC_Synch.o
 .text          0x00000000        0x0 HAL_LAYER/BUTTON_MODULE/BUTTON.o
 .data          0x00000000        0x0 HAL_LAYER/BUTTON_MODULE/BUTTON.o
 .bss           0x00000000        0x0 HAL_LAYER/BUTTON_MODULE/BUTTON.o
 .text.BUTTON_enumInit
                0x00000000       0x1c HAL_LAYER/BUTTON_MODULE/BUTTON.o
 .text.BUTTON_enumReadStatus
                0x00000000       0x92 HAL_LAYER/BUTTON_MODULE/BUTTON.o
 .debug_info    0x00000000      0x34c HAL_LAYER/BUTTON_MODULE/BUTTON.o
 .debug_abbrev  0x00000000      0x140 HAL_LAYER/BUTTON_MODULE/BUTTON.o
 .debug_loc     0x00000000      0x1c8 HAL_LAYER/BUTTON_MODULE/BUTTON.o
 .debug_aranges
                0x00000000       0x28 HAL_LAYER/BUTTON_MODULE/BUTTON.o
 .debug_ranges  0x00000000       0x18 HAL_LAYER/BUTTON_MODULE/BUTTON.o
 .debug_line    0x00000000      0x188 HAL_LAYER/BUTTON_MODULE/BUTTON.o
 .debug_str     0x00000000      0x513 HAL_LAYER/BUTTON_MODULE/BUTTON.o
 .comment       0x00000000       0x31 HAL_LAYER/BUTTON_MODULE/BUTTON.o
 .debug_frame   0x00000000       0x58 HAL_LAYER/BUTTON_MODULE/BUTTON.o
 .text          0x00000000        0x0 HAL_LAYER/BUTTON_MODULE/BUTTON_Config.o
 .data          0x00000000        0x0 HAL_LAYER/BUTTON_MODULE/BUTTON_Config.o
 .bss           0x00000000        0x0 HAL_LAYER/BUTTON_MODULE/BUTTON_Config.o
 .data.INT2_Button
                0x00000000        0x3 HAL_LAYER/BUTTON_MODULE/BUTTON_Config.o
 .data.INT1_Button
                0x00000000        0x3 HAL_LAYER/BUTTON_MODULE/BUTTON_Config.o
 .data.INT0_Button
                0x00000000        0x3 HAL_LAYER/BUTTON_MODULE/BUTTON_Config.o
 .debug_info    0x00000000      0x1e8 HAL_LAYER/BUTTON_MODULE/BUTTON_Config.o
 .debug_abbrev  0x00000000       0x97 HAL_LAYER/BUTTON_MODULE/BUTTON_Config.o
 .debug_aranges
                0x00000000       0x18 HAL_LAYER/BUTTON_MODULE/BUTTON_Config.o
 .debug_line    0x00000000       0x9f HAL_LAYER/BUTTON_MODULE/BUTTON_Config.o
 .debug_str     0x00000000      0x3ba HAL_LAYER/BUTTON_MODULE/BUTTON_Config.o
 .comment       0x00000000       0x31 HAL_LAYER/BUTTON_MODULE/BUTTON_Config.o
 .text          0x00000000        0x0 HAL_LAYER/KEYPAD_MODULE/Keypad.o
 .data          0x00000000        0x0 HAL_LAYER/KEYPAD_MODULE/Keypad.o
 .bss           0x00000000        0x0 HAL_LAYER/KEYPAD_MODULE/Keypad.o
 .text.KEYPAD_enumInit
                0x00000000       0x50 HAL_LAYER/KEYPAD_MODULE/Keypad.o
 .text.KEYPAD_enumGetPressedValue
                0x00000000      0x106 HAL_LAYER/KEYPAD_MODULE/Keypad.o
 .rodata.KeyArray
                0x00000000       0x10 HAL_LAYER/KEYPAD_MODULE/Keypad.o
 .debug_info    0x00000000      0x4c6 HAL_LAYER/KEYPAD_MODULE/Keypad.o
 .debug_abbrev  0x00000000      0x1bf HAL_LAYER/KEYPAD_MODULE/Keypad.o
 .debug_loc     0x00000000      0x342 HAL_LAYER/KEYPAD_MODULE/Keypad.o
 .debug_aranges
                0x00000000       0x28 HAL_LAYER/KEYPAD_MODULE/Keypad.o
 .debug_ranges  0x00000000       0x30 HAL_LAYER/KEYPAD_MODULE/Keypad.o
 .debug_line    0x00000000      0x333 HAL_LAYER/KEYPAD_MODULE/Keypad.o
 .debug_str     0x00000000      0x5ce HAL_LAYER/KEYPAD_MODULE/Keypad.o
 .comment       0x00000000       0x31 HAL_LAYER/KEYPAD_MODULE/Keypad.o
 .debug_frame   0x00000000       0x90 HAL_LAYER/KEYPAD_MODULE/Keypad.o
 .text          0x00000000        0x0 HAL_LAYER/KEYPAD_MODULE/Keypad_Config.o
 .data          0x00000000        0x0 HAL_LAYER/KEYPAD_MODULE/Keypad_Config.o
 .bss           0x00000000        0x0 HAL_LAYER/KEYPAD_MODULE/Keypad_Config.o
 .data.CalculatorKeyPad
                0x00000000       0x10 HAL_LAYER/KEYPAD_MODULE/Keypad_Config.o
 .debug_info    0x00000000      0x1e1 HAL_LAYER/KEYPAD_MODULE/Keypad_Config.o
 .debug_abbrev  0x00000000       0xb4 HAL_LAYER/KEYPAD_MODULE/Keypad_Config.o
 .debug_aranges
                0x00000000       0x18 HAL_LAYER/KEYPAD_MODULE/Keypad_Config.o
 .debug_line    0x00000000       0x9f HAL_LAYER/KEYPAD_MODULE/Keypad_Config.o
 .debug_str     0x00000000      0x3cb HAL_LAYER/KEYPAD_MODULE/Keypad_Config.o
 .comment       0x00000000       0x31 HAL_LAYER/KEYPAD_MODULE/Keypad_Config.o
 .text          0x00000000        0x0 HAL_LAYER/LCD_MODULE/LCD.o
 .data          0x00000000        0x0 HAL_LAYER/LCD_MODULE/LCD.o
 .bss           0x00000000        0x0 HAL_LAYER/LCD_MODULE/LCD.o
 .text.LCD_enumHelperSend4BitMode
                0x00000000       0x4e HAL_LAYER/LCD_MODULE/LCD.o
 .text.LCD_enumHelperSendEnableSignal
                0x00000000       0x2a HAL_LAYER/LCD_MODULE/LCD.o
 .text.LCD_enumSendCommand
                0x00000000       0x40 HAL_LAYER/LCD_MODULE/LCD.o
 .text.LCD_enumInit
                0x00000000       0xa2 HAL_LAYER/LCD_MODULE/LCD.o
 .text.LCD_enumHelperSetCursorPosition
                0x00000000       0x2a HAL_LAYER/LCD_MODULE/LCD.o
 .text.LCD_enumSendChar
                0x00000000       0x40 HAL_LAYER/LCD_MODULE/LCD.o
 .text.LCD_enumSendCharPosition
                0x00000000       0x26 HAL_LAYER/LCD_MODULE/LCD.o
 .text.LCD_enumSendString
                0x00000000       0x38 HAL_LAYER/LCD_MODULE/LCD.o
 .text.LCD_enumSendStringPosition
                0x00000000       0x3a HAL_LAYER/LCD_MODULE/LCD.o
 .text.LCD_enumSendSpecialChar
                0x00000000       0x68 HAL_LAYER/LCD_MODULE/LCD.o
 .debug_info    0x00000000      0xbe9 HAL_LAYER/LCD_MODULE/LCD.o
 .debug_abbrev  0x00000000      0x258 HAL_LAYER/LCD_MODULE/LCD.o
 .debug_loc     0x00000000      0xd36 HAL_LAYER/LCD_MODULE/LCD.o
 .debug_aranges
                0x00000000       0x68 HAL_LAYER/LCD_MODULE/LCD.o
 .debug_ranges  0x00000000       0x70 HAL_LAYER/LCD_MODULE/LCD.o
 .debug_line    0x00000000      0x4f8 HAL_LAYER/LCD_MODULE/LCD.o
 .debug_str     0x00000000      0x6c1 HAL_LAYER/LCD_MODULE/LCD.o
 .comment       0x00000000       0x31 HAL_LAYER/LCD_MODULE/LCD.o
 .debug_frame   0x00000000      0x164 HAL_LAYER/LCD_MODULE/LCD.o
 .text          0x00000000        0x0 HAL_LAYER/LCD_MODULE/LCD_Config.o
 .data          0x00000000        0x0 HAL_LAYER/LCD_MODULE/LCD_Config.o
 .bss           0x00000000        0x0 HAL_LAYER/LCD_MODULE/LCD_Config.o
 .data.CharArrPattern6
                0x00000000        0x8 HAL_LAYER/LCD_MODULE/LCD_Config.o
 .data.CharArrPattern5
                0x00000000        0x8 HAL_LAYER/LCD_MODULE/LCD_Config.o
 .data.CharArrPattern4
                0x00000000        0x8 HAL_LAYER/LCD_MODULE/LCD_Config.o
 .data.CharArrPattern3
                0x00000000        0x8 HAL_LAYER/LCD_MODULE/LCD_Config.o
 .data.CharArrPattern2
                0x00000000        0x8 HAL_LAYER/LCD_MODULE/LCD_Config.o
 .data.CharArrPattern1
                0x00000000        0x8 HAL_LAYER/LCD_MODULE/LCD_Config.o
 .data.LCD1     0x00000000        0xc HAL_LAYER/LCD_MODULE/LCD_Config.o
 .debug_info    0x00000000      0x24b HAL_LAYER/LCD_MODULE/LCD_Config.o
 .debug_abbrev  0x00000000       0xb6 HAL_LAYER/LCD_MODULE/LCD_Config.o
 .debug_aranges
                0x00000000       0x18 HAL_LAYER/LCD_MODULE/LCD_Config.o
 .debug_line    0x00000000       0xeb HAL_LAYER/LCD_MODULE/LCD_Config.o
 .debug_str     0x00000000      0x3d9 HAL_LAYER/LCD_MODULE/LCD_Config.o
 .comment       0x00000000       0x31 HAL_LAYER/LCD_MODULE/LCD_Config.o
 .text          0x00000000        0x0 HAL_LAYER/LED_MODULE/LED.o
 .data          0x00000000        0x0 HAL_LAYER/LED_MODULE/LED.o
 .bss           0x00000000        0x0 HAL_LAYER/LED_MODULE/LED.o
 .text.LED_enumToggle
                0x00000000       0x26 HAL_LAYER/LED_MODULE/LED.o
 .text          0x00000000        0x0 HAL_LAYER/LED_MODULE/LED_Config.o
 .data          0x00000000        0x0 HAL_LAYER/LED_MODULE/LED_Config.o
 .bss           0x00000000        0x0 HAL_LAYER/LED_MODULE/LED_Config.o
 .data.INT2_Led
                0x00000000        0x4 HAL_LAYER/LED_MODULE/LED_Config.o
 .data.INT1_Led
                0x00000000        0x4 HAL_LAYER/LED_MODULE/LED_Config.o
 .data.INT0_Led
                0x00000000        0x4 HAL_LAYER/LED_MODULE/LED_Config.o
 .text          0x00000000        0x0 HAL_LAYER/SEVEN_SEG_MODULE/Seven_Segment.o
 .data          0x00000000        0x0 HAL_LAYER/SEVEN_SEG_MODULE/Seven_Segment.o
 .bss           0x00000000        0x0 HAL_LAYER/SEVEN_SEG_MODULE/Seven_Segment.o
 .text._7SEG_enumInit
                0x00000000       0x46 HAL_LAYER/SEVEN_SEG_MODULE/Seven_Segment.o
 .text._7SEG_enumDisplay
                0x00000000       0xcc HAL_LAYER/SEVEN_SEG_MODULE/Seven_Segment.o
 .text._7SEG_enumDisplayAll
                0x00000000       0x34 HAL_LAYER/SEVEN_SEG_MODULE/Seven_Segment.o
 .rodata._7SEG_u8Cathod_Numbers
                0x00000000        0xa HAL_LAYER/SEVEN_SEG_MODULE/Seven_Segment.o
 .debug_info    0x00000000      0x4c6 HAL_LAYER/SEVEN_SEG_MODULE/Seven_Segment.o
 .debug_abbrev  0x00000000      0x17c HAL_LAYER/SEVEN_SEG_MODULE/Seven_Segment.o
 .debug_loc     0x00000000      0x3d1 HAL_LAYER/SEVEN_SEG_MODULE/Seven_Segment.o
 .debug_aranges
                0x00000000       0x30 HAL_LAYER/SEVEN_SEG_MODULE/Seven_Segment.o
 .debug_ranges  0x00000000       0x90 HAL_LAYER/SEVEN_SEG_MODULE/Seven_Segment.o
 .debug_line    0x00000000      0x286 HAL_LAYER/SEVEN_SEG_MODULE/Seven_Segment.o
 .debug_str     0x00000000      0x5c5 HAL_LAYER/SEVEN_SEG_MODULE/Seven_Segment.o
 .comment       0x00000000       0x31 HAL_LAYER/SEVEN_SEG_MODULE/Seven_Segment.o
 .debug_frame   0x00000000       0x88 HAL_LAYER/SEVEN_SEG_MODULE/Seven_Segment.o
 .text          0x00000000        0x0 HAL_LAYER/SEVEN_SEG_MODULE/Seven_Segment_Config.o
 .data          0x00000000        0x0 HAL_LAYER/SEVEN_SEG_MODULE/Seven_Segment_Config.o
 .bss           0x00000000        0x0 HAL_LAYER/SEVEN_SEG_MODULE/Seven_Segment_Config.o
 .data._7Segment
                0x00000000       0x11 HAL_LAYER/SEVEN_SEG_MODULE/Seven_Segment_Config.o
 .debug_info    0x00000000      0x1eb HAL_LAYER/SEVEN_SEG_MODULE/Seven_Segment_Config.o
 .debug_abbrev  0x00000000       0xa9 HAL_LAYER/SEVEN_SEG_MODULE/Seven_Segment_Config.o
 .debug_aranges
                0x00000000       0x18 HAL_LAYER/SEVEN_SEG_MODULE/Seven_Segment_Config.o
 .debug_line    0x00000000       0xb3 HAL_LAYER/SEVEN_SEG_MODULE/Seven_Segment_Config.o
 .debug_str     0x00000000      0x3ae HAL_LAYER/SEVEN_SEG_MODULE/Seven_Segment_Config.o
 .comment       0x00000000       0x31 HAL_LAYER/SEVEN_SEG_MODULE/Seven_Segment_Config.o
 .text          0x00000000        0x0 MCAL_LAYER/ADC/ADC.o
 .data          0x00000000        0x0 MCAL_LAYER/ADC/ADC.o
 .bss           0x00000000        0x0 MCAL_LAYER/ADC/ADC.o
 .text.ADC_StartConversionAsync
                0x00000000       0x68 MCAL_LAYER/ADC/ADC.o
 .text.__Vector_16
                0x00000000       0x76 MCAL_LAYER/ADC/ADC.o
 .bss.ChainState
                0x00000000        0x1 MCAL_LAYER/ADC/ADC.o
 .bss.ChainCurrentIdx
                0x00000000        0x1 MCAL_LAYER/ADC/ADC.o
 .bss.GlobalChain
                0x00000000        0x2 MCAL_LAYER/ADC/ADC.o
 .text          0x00000000        0x0 MCAL_LAYER/DIO_MODULE/DIO_Driver/DIO.o
 .data          0x00000000        0x0 MCAL_LAYER/DIO_MODULE/DIO_Driver/DIO.o
 .bss           0x00000000        0x0 MCAL_LAYER/DIO_MODULE/DIO_Driver/DIO.o
 .text.DIO_enumSetPort
                0x00000000       0x2c MCAL_LAYER/DIO_MODULE/DIO_Driver/DIO.o
 .text.DIO_enumTogglePin
                0x00000000       0x6c MCAL_LAYER/DIO_MODULE/DIO_Driver/DIO.o
 .text.DIO_enumReadPinState
                0x00000000       0x74 MCAL_LAYER/DIO_MODULE/DIO_Driver/DIO.o
 .text.DIO_enumTogglePort
                0x00000000       0x24 MCAL_LAYER/DIO_MODULE/DIO_Driver/DIO.o
 .text          0x00000000        0x0 MCAL_LAYER/DIO_MODULE/PORT_Driver/PORT.o
 .data          0x00000000        0x0 MCAL_LAYER/DIO_MODULE/PORT_Driver/PORT.o
 .bss           0x00000000        0x0 MCAL_LAYER/DIO_MODULE/PORT_Driver/PORT.o
 .text.PORT_enumSetPortConfig
                0x00000000       0xc6 MCAL_LAYER/DIO_MODULE/PORT_Driver/PORT.o
 .text.PORT_enumInitConfig
                0x00000000        0x6 MCAL_LAYER/DIO_MODULE/PORT_Driver/PORT.o
 .data.PINX_Registers
                0x00000000        0x8 MCAL_LAYER/DIO_MODULE/PORT_Driver/PORT.o
 .text          0x00000000        0x0 MCAL_LAYER/EXTERNAL_INTERRUPT_MODULE/EXTI.o
 .data          0x00000000        0x0 MCAL_LAYER/EXTERNAL_INTERRUPT_MODULE/EXTI.o
 .bss           0x00000000        0x0 MCAL_LAYER/EXTERNAL_INTERRUPT_MODULE/EXTI.o
 .text.EXTI_voidInit
                0x00000000       0x3a MCAL_LAYER/EXTERNAL_INTERRUPT_MODULE/EXTI.o
 .text.EXTI_voidSetCallBack
                0x00000000       0x2a MCAL_LAYER/EXTERNAL_INTERRUPT_MODULE/EXTI.o
 .text          0x00000000        0x0 MCAL_LAYER/TIMER/Timer.o
 .data          0x00000000        0x0 MCAL_LAYER/TIMER/Timer.o
 .bss           0x00000000        0x0 MCAL_LAYER/TIMER/Timer.o
 .text.TIMER0_enumInit
                0x00000000       0x16 MCAL_LAYER/TIMER/Timer.o
 .text.TIMER0_enumSetTickTimeMS
                0x00000000       0x4e MCAL_LAYER/TIMER/Timer.o
 .text.Timer0_Start
                0x00000000        0xc MCAL_LAYER/TIMER/Timer.o
 .text.Timer0_SetCallBack
                0x00000000       0x36 MCAL_LAYER/TIMER/Timer.o
 .text          0x00000000        0x0 c:/program files (x86)/atmel/studio/7.0/toolchain/avr8/avr8-gnu-toolchain/bin/../lib/gcc/avr/5.4.0/../../../../avr/lib/avr5\libm.a(floatsisf.o)
 .data          0x00000000        0x0 c:/program files (x86)/atmel/studio/7.0/toolchain/avr8/avr8-gnu-toolchain/bin/../lib/gcc/avr/5.4.0/../../../../avr/lib/avr5\libm.a(floatsisf.o)
 .bss           0x00000000        0x0 c:/program files (x86)/atmel/studio/7.0/toolchain/avr8/avr8-gnu-toolchain/bin/../lib/gcc/avr/5.4.0/../../../../avr/lib/avr5\libm.a(floatsisf.o)
 .text          0x00000000        0x0 c:/program files (x86)/atmel/studio/7.0/toolchain/avr8/avr8-gnu-toolchain/bin/../lib/gcc/avr/5.4.0/../../../../avr/lib/avr5\libm.a(gesf2.o)
 .data          0x00000000        0x0 c:/program files (x86)/atmel/studio/7.0/toolchain/avr8/avr8-gnu-toolchain/bin/../lib/gcc/avr/5.4.0/../../../../avr/lib/avr5\libm.a(gesf2.o)
 .bss           0x00000000        0x0 c:/program files (x86)/atmel/studio/7.0/toolchain/avr8/avr8-gnu-toolchain/bin/../lib/gcc/avr/5.4.0/../../../../avr/lib/avr5\libm.a(gesf2.o)
 .text          0x00000000        0x0 c:/program files (x86)/atmel/studio/7.0/toolchain/avr8/avr8-gnu-toolchain/bin/../lib/gcc/avr/5.4.0/../../../../avr/lib/avr5\libm.a(mulsf3.o)
 .data          0x00000000        0x0 c:/program files (x86)/atmel/studio/7.0/toolchain/avr8/avr8-gnu-toolchain/bin/../lib/gcc/avr/5.4.0/../../../../avr/lib/avr5\libm.a(mulsf3.o)
 .bss           0x00000000        0x0 c:/program files (x86)/atmel/studio/7.0/toolchain/avr8/avr8-gnu-toolchain/bin/../lib/gcc/avr/5.4.0/../../../../avr/lib/avr5\libm.a(mulsf3.o)
 .text          0x00000000        0x0 c:/program files (x86)/atmel/studio/7.0/toolchain/avr8/avr8-gnu-toolchain/bin/../lib/gcc/avr/5.4.0/../../../../avr/lib/avr5\libm.a(mulsf3x.o)
 .data          0x00000000        0x0 c:/program files (x86)/atmel/studio/7.0/toolchain/avr8/avr8-gnu-toolchain/bin/../lib/gcc/avr/5.4.0/../../../../avr/lib/avr5\libm.a(mulsf3x.o)
 .bss           0x00000000        0x0 c:/program files (x86)/atmel/studio/7.0/toolchain/avr8/avr8-gnu-toolchain/bin/../lib/gcc/avr/5.4.0/../../../../avr/lib/avr5\libm.a(mulsf3x.o)
 .text          0x00000000        0x0 c:/program files (x86)/atmel/studio/7.0/toolchain/avr8/avr8-gnu-toolchain/bin/../lib/gcc/avr/5.4.0/../../../../avr/lib/avr5\libm.a(fp_cmp.o)
 .data          0x00000000        0x0 c:/program files (x86)/atmel/studio/7.0/toolchain/avr8/avr8-gnu-toolchain/bin/../lib/gcc/avr/5.4.0/../../../../avr/lib/avr5\libm.a(fp_cmp.o)
 .bss           0x00000000        0x0 c:/program files (x86)/atmel/studio/7.0/toolchain/avr8/avr8-gnu-toolchain/bin/../lib/gcc/avr/5.4.0/../../../../avr/lib/avr5\libm.a(fp_cmp.o)
 .text          0x00000000        0x0 c:/program files (x86)/atmel/studio/7.0/toolchain/avr8/avr8-gnu-toolchain/bin/../lib/gcc/avr/5.4.0/../../../../avr/lib/avr5\libm.a(fp_inf.o)
 .data          0x00000000        0x0 c:/program files (x86)/atmel/studio/7.0/toolchain/avr8/avr8-gnu-toolchain/bin/../lib/gcc/avr/5.4.0/../../../../avr/lib/avr5\libm.a(fp_inf.o)
 .bss           0x00000000        0x0 c:/program files (x86)/atmel/studio/7.0/toolchain/avr8/avr8-gnu-toolchain/bin/../lib/gcc/avr/5.4.0/../../../../avr/lib/avr5\libm.a(fp_inf.o)
 .text          0x00000000        0x0 c:/program files (x86)/atmel/studio/7.0/toolchain/avr8/avr8-gnu-toolchain/bin/../lib/gcc/avr/5.4.0/../../../../avr/lib/avr5\libm.a(fp_nan.o)
 .data          0x00000000        0x0 c:/program files (x86)/atmel/studio/7.0/toolchain/avr8/avr8-gnu-toolchain/bin/../lib/gcc/avr/5.4.0/../../../../avr/lib/avr5\libm.a(fp_nan.o)
 .bss           0x00000000        0x0 c:/program files (x86)/atmel/studio/7.0/toolchain/avr8/avr8-gnu-toolchain/bin/../lib/gcc/avr/5.4.0/../../../../avr/lib/avr5\libm.a(fp_nan.o)
 .text          0x00000000        0x0 c:/program files (x86)/atmel/studio/7.0/toolchain/avr8/avr8-gnu-toolchain/bin/../lib/gcc/avr/5.4.0/../../../../avr/lib/avr5\libm.a(fp_pscA.o)
 .data          0x00000000        0x0 c:/program files (x86)/atmel/studio/7.0/toolchain/avr8/avr8-gnu-toolchain/bin/../lib/gcc/avr/5.4.0/../../../../avr/lib/avr5\libm.a(fp_pscA.o)
 .bss           0x00000000        0x0 c:/program files (x86)/atmel/studio/7.0/toolchain/avr8/avr8-gnu-toolchain/bin/../lib/gcc/avr/5.4.0/../../../../avr/lib/avr5\libm.a(fp_pscA.o)
 .text          0x00000000        0x0 c:/program files (x86)/atmel/studio/7.0/toolchain/avr8/avr8-gnu-toolchain/bin/../lib/gcc/avr/5.4.0/../../../../avr/lib/avr5\libm.a(fp_pscB.o)
 .data          0x00000000        0x0 c:/program files (x86)/atmel/studio/7.0/toolchain/avr8/avr8-gnu-toolchain/bin/../lib/gcc/avr/5.4.0/../../../../avr/lib/avr5\libm.a(fp_pscB.o)
 .bss           0x00000000        0x0 c:/program files (x86)/atmel/studio/7.0/toolchain/avr8/avr8-gnu-toolchain/bin/../lib/gcc/avr/5.4.0/../../../../avr/lib/avr5\libm.a(fp_pscB.o)
 .text          0x00000000        0x0 c:/program files (x86)/atmel/studio/7.0/toolchain/avr8/avr8-gnu-toolchain/bin/../lib/gcc/avr/5.4.0/../../../../avr/lib/avr5\libm.a(fp_round.o)
 .data          0x00000000        0x0 c:/program files (x86)/atmel/studio/7.0/toolchain/avr8/avr8-gnu-toolchain/bin/../lib/gcc/avr/5.4.0/../../../../avr/lib/avr5\libm.a(fp_round.o)
 .bss           0x00000000        0x0 c:/program files (x86)/atmel/studio/7.0/toolchain/avr8/avr8-gnu-toolchain/bin/../lib/gcc/avr/5.4.0/../../../../avr/lib/avr5\libm.a(fp_round.o)
 .text          0x00000000        0x0 c:/program files (x86)/atmel/studio/7.0/toolchain/avr8/avr8-gnu-toolchain/bin/../lib/gcc/avr/5.4.0/../../../../avr/lib/avr5\libm.a(fp_split3.o)
 .data          0x00000000        0x0 c:/program files (x86)/atmel/studio/7.0/toolchain/avr8/avr8-gnu-toolchain/bin/../lib/gcc/avr/5.4.0/../../../../avr/lib/avr5\libm.a(fp_split3.o)
 .bss           0x00000000        0x0 c:/program files (x86)/atmel/studio/7.0/toolchain/avr8/avr8-gnu-toolchain/bin/../lib/gcc/avr/5.4.0/../../../../avr/lib/avr5\libm.a(fp_split3.o)
 .text          0x00000000        0x0 c:/program files (x86)/atmel/studio/7.0/toolchain/avr8/avr8-gnu-toolchain/bin/../lib/gcc/avr/5.4.0/../../../../avr/lib/avr5\libm.a(fp_zero.o)
 .data          0x00000000        0x0 c:/program files (x86)/atmel/studio/7.0/toolchain/avr8/avr8-gnu-toolchain/bin/../lib/gcc/avr/5.4.0/../../../../avr/lib/avr5\libm.a(fp_zero.o)
 .bss           0x00000000        0x0 c:/program files (x86)/atmel/studio/7.0/toolchain/avr8/avr8-gnu-toolchain/bin/../lib/gcc/avr/5.4.0/../../../../avr/lib/avr5\libm.a(fp_zero.o)
 .text          0x00000000        0x0 c:/program files (x86)/atmel/studio/7.0/toolchain/avr8/avr8-gnu-toolchain/bin/../lib/gcc/avr/5.4.0/avr5\libgcc.a(_exit.o)
 .data          0x00000000        0x0 c:/program files (x86)/atmel/studio/7.0/toolchain/avr8/avr8-gnu-toolchain/bin/../lib/gcc/avr/5.4.0/avr5\libgcc.a(_exit.o)
 .bss           0x00000000        0x0 c:/program files (x86)/atmel/studio/7.0/toolchain/avr8/avr8-gnu-toolchain/bin/../lib/gcc/avr/5.4.0/avr5\libgcc.a(_exit.o)
 .text.libgcc.mul
                0x00000000        0x0 c:/program files (x86)/atmel/studio/7.0/toolchain/avr8/avr8-gnu-toolchain/bin/../lib/gcc/avr/5.4.0/avr5\libgcc.a(_exit.o)
 .text.libgcc.div
                0x00000000        0x0 c:/program files (x86)/atmel/studio/7.0/toolchain/avr8/avr8-gnu-toolchain/bin/../lib/gcc/avr/5.4.0/avr5\libgcc.a(_exit.o)
 .text.libgcc   0x00000000        0x0 c:/program files (x86)/atmel/studio/7.0/toolchain/avr8/avr8-gnu-toolchain/bin/../lib/gcc/avr/5.4.0/avr5\libgcc.a(_exit.o)
 .text.libgcc.prologue
                0x00000000        0x0 c:/program files (x86)/atmel/studio/7.0/toolchain/avr8/avr8-gnu-toolchain/bin/../lib/gcc/avr/5.4.0/avr5\libgcc.a(_exit.o)
 .text.libgcc.builtins
                0x00000000        0x0 c:/program files (x86)/atmel/studio/7.0/toolchain/avr8/avr8-gnu-toolchain/bin/../lib/gcc/avr/5.4.0/avr5\libgcc.a(_exit.o)
 .text.libgcc.fmul
                0x00000000        0x0 c:/program files (x86)/atmel/studio/7.0/toolchain/avr8/avr8-gnu-toolchain/bin/../lib/gcc/avr/5.4.0/avr5\libgcc.a(_exit.o)
 .text.libgcc.fixed
                0x00000000        0x0 c:/program files (x86)/atmel/studio/7.0/toolchain/avr8/avr8-gnu-toolchain/bin/../lib/gcc/avr/5.4.0/avr5\libgcc.a(_exit.o)
 .text          0x00000000        0x0 c:/program files (x86)/atmel/studio/7.0/toolchain/avr8/avr8-gnu-toolchain/bin/../lib/gcc/avr/5.4.0/avr5\libgcc.a(_copy_data.o)
 .data          0x00000000        0x0 c:/program files (x86)/atmel/studio/7.0/toolchain/avr8/avr8-gnu-toolchain/bin/../lib/gcc/avr/5.4.0/avr5\libgcc.a(_copy_data.o)
 .bss           0x00000000        0x0 c:/program files (x86)/atmel/studio/7.0/toolchain/avr8/avr8-gnu-toolchain/bin/../lib/gcc/avr/5.4.0/avr5\libgcc.a(_copy_data.o)
 .text.libgcc.mul
                0x00000000        0x0 c:/program files (x86)/atmel/studio/7.0/toolchain/avr8/avr8-gnu-toolchain/bin/../lib/gcc/avr/5.4.0/avr5\libgcc.a(_copy_data.o)
 .text.libgcc.div
                0x00000000        0x0 c:/program files (x86)/atmel/studio/7.0/toolchain/avr8/avr8-gnu-toolchain/bin/../lib/gcc/avr/5.4.0/avr5\libgcc.a(_copy_data.o)
 .text.libgcc   0x00000000        0x0 c:/program files (x86)/atmel/studio/7.0/toolchain/avr8/avr8-gnu-toolchain/bin/../lib/gcc/avr/5.4.0/avr5\libgcc.a(_copy_data.o)
 .text.libgcc.prologue
                0x00000000        0x0 c:/program files (x86)/atmel/studio/7.0/toolchain/avr8/avr8-gnu-toolchain/bin/../lib/gcc/avr/5.4.0/avr5\libgcc.a(_copy_data.o)
 .text.libgcc.builtins
                0x00000000        0x0 c:/program files (x86)/atmel/studio/7.0/toolchain/avr8/avr8-gnu-toolchain/bin/../lib/gcc/avr/5.4.0/avr5\libgcc.a(_copy_data.o)
 .text.libgcc.fmul
                0x00000000        0x0 c:/program files (x86)/atmel/studio/7.0/toolchain/avr8/avr8-gnu-toolchain/bin/../lib/gcc/avr/5.4.0/avr5\libgcc.a(_copy_data.o)
 .text.libgcc.fixed
                0x00000000        0x0 c:/program files (x86)/atmel/studio/7.0/toolchain/avr8/avr8-gnu-toolchain/bin/../lib/gcc/avr/5.4.0/avr5\libgcc.a(_copy_data.o)
 .text          0x00000000        0x0 c:/program files (x86)/atmel/studio/7.0/toolchain/avr8/avr8-gnu-toolchain/bin/../lib/gcc/avr/5.4.0/avr5\libgcc.a(_clear_bss.o)
 .data          0x00000000        0x0 c:/program files (x86)/atmel/studio/7.0/toolchain/avr8/avr8-gnu-toolchain/bin/../lib/gcc/avr/5.4.0/avr5\libgcc.a(_clear_bss.o)
 .bss           0x00000000        0x0 c:/program files (x86)/atmel/studio/7.0/toolchain/avr8/avr8-gnu-toolchain/bin/../lib/gcc/avr/5.4.0/avr5\libgcc.a(_clear_bss.o)
 .text.libgcc.mul
                0x00000000        0x0 c:/program files (x86)/atmel/studio/7.0/toolchain/avr8/avr8-gnu-toolchain/bin/../lib/gcc/avr/5.4.0/avr5\libgcc.a(_clear_bss.o)
 .text.libgcc.div
                0x00000000        0x0 c:/program files (x86)/atmel/studio/7.0/toolchain/avr8/avr8-gnu-toolchain/bin/../lib/gcc/avr/5.4.0/avr5\libgcc.a(_clear_bss.o)
 .text.libgcc   0x00000000        0x0 c:/program files (x86)/atmel/studio/7.0/toolchain/avr8/avr8-gnu-toolchain/bin/../lib/gcc/avr/5.4.0/avr5\libgcc.a(_clear_bss.o)
 .text.libgcc.prologue
                0x00000000        0x0 c:/program files (x86)/atmel/studio/7.0/toolchain/avr8/avr8-gnu-toolchain/bin/../lib/gcc/avr/5.4.0/avr5\libgcc.a(_clear_bss.o)
 .text.libgcc.builtins
                0x00000000        0x0 c:/program files (x86)/atmel/studio/7.0/toolchain/avr8/avr8-gnu-toolchain/bin/../lib/gcc/avr/5.4.0/avr5\libgcc.a(_clear_bss.o)
 .text.libgcc.fmul
                0x00000000        0x0 c:/program files (x86)/atmel/studio/7.0/toolchain/avr8/avr8-gnu-toolchain/bin/../lib/gcc/avr/5.4.0/avr5\libgcc.a(_clear_bss.o)
 .text.libgcc.fixed
                0x00000000        0x0 c:/program files (x86)/atmel/studio/7.0/toolchain/avr8/avr8-gnu-toolchain/bin/../lib/gcc/avr/5.4.0/avr5\libgcc.a(_clear_bss.o)

Memory Configuration

Name             Origin             Length             Attributes
text             0x00000000         0x00008000         xr
data             0x00800060         0x00000800         rw !x
eeprom           0x00810000         0x00000400         rw !x
fuse             0x00820000         0x00000002         rw !x
lock             0x00830000         0x00000400         rw !x
signature        0x00840000         0x00000400         rw !x
user_signatures  0x00850000         0x00000400         rw !x
*default*        0x00000000         0xffffffff

Linker script and memory map

LOAD C:/Program Files (x86)/Atmel/Studio/7.0/Packs/atmel/ATmega_DFP/1.7.374/gcc/dev/atmega32/avr5/crtatmega32.o
LOAD APP_LAYER/LAB1/LED_LAB.o
LOAD APP_LAYER/LAB2/BUTTON_LAB.o
LOAD APP_LAYER/LAB3/SSD_LAB.o
LOAD APP_LAYER/LAB4/DigitalTimerDesign.o
LOAD APP_LAYER/LAB5/EXTI_LAB.o
LOAD APP_LAYER/LAB6/LCD_LAB.o
LOAD APP_LAYER/LAB7/Keypad_LAB.o
LOAD APP_LAYER/LAB_ADC_Asynch/adc_app.o
LOAD APP_LAYER/LAB_ADC_Synch/ADC_Synch.o
LOAD HAL_LAYER/BUTTON_MODULE/BUTTON.o
LOAD HAL_LAYER/BUTTON_MODULE/BUTTON_Config.o
LOAD HAL_LAYER/KEYPAD_MODULE/Keypad.o
LOAD HAL_LAYER/KEYPAD_MODULE/Keypad_Config.o
LOAD HAL_LAYER/LCD_MODULE/LCD.o
LOAD HAL_LAYER/LCD_MODULE/LCD_Config.o
LOAD HAL_LAYER/LED_MODULE/LED.o
LOAD HAL_LAYER/LED_MODULE/LED_Config.o
LOAD HAL_LAYER/SEVEN_SEG_MODULE/Seven_Segment.o
LOAD HAL_LAYER/SEVEN_SEG_MODULE/Seven_Segment_Config.o
LOAD MCAL_LAYER/ADC/ADC.o
LOAD MCAL_LAYER/DIO_MODULE/DIO_Driver/DIO.o
LOAD MCAL_LAYER/DIO_MODULE/PORT_Driver/PORT.o
LOAD MCAL_LAYER/EXTERNAL_INTERRUPT_MODULE/EXTI.o
LOAD MCAL_LAYER/TIMER/Timer.o
START GROUP
LOAD c:/program files (x86)/atmel/studio/7.0/toolchain/avr8/avr8-gnu-toolchain/bin/../lib/gcc/avr/5.4.0/../../../../avr/lib/avr5\libm.a
END GROUP
START GROUP
LOAD c:/program files (x86)/atmel/studio/7.0/toolchain/avr8/avr8-gnu-toolchain/bin/../lib/gcc/avr/5.4.0/avr5\libgcc.a
LOAD c:/program files (x86)/atmel/studio/7.0/toolchain/avr8/avr8-gnu-toolchain/bin/../lib/gcc/avr/5.4.0/../../../../avr/lib/avr5\libm.a
LOAD c:/program files (x86)/atmel/studio/7.0/toolchain/avr8/avr8-gnu-toolchain/bin/../lib/gcc/avr/5.4.0/../../../../avr/lib/avr5\libc.a
LOAD C:/Program Files (x86)/Atmel/Studio/7.0/Packs/atmel/ATmega_DFP/1.7.374/gcc/dev/atmega32/avr5\libatmega32.a
END GROUP
                0x00000000                __TEXT_REGION_ORIGIN__ = DEFINED (__TEXT_REGION_ORIGIN__)?__TEXT_REGION_ORIGIN__:0x0
                [0x00800060]                __DATA_REGION_ORIGIN__ = DEFINED (__DATA_REGION_ORIGIN__)?__DATA_REGION_ORIGIN__:0x800060
                [0x00008000]                __TEXT_REGION_LENGTH__ = DEFINED (__TEXT_REGION_LENGTH__)?__TEXT_REGION_LENGTH__:0x20000
                [0x00000800]                __DATA_REGION_LENGTH__ = DEFINED (__DATA_REGION_LENGTH__)?__DATA_REGION_LENGTH__:0xffa0
                [0x00000400]                __EEPROM_REGION_LENGTH__ = DEFINED (__EEPROM_REGION_LENGTH__)?__EEPROM_REGION_LENGTH__:0x10000
                [0x00000002]                __FUSE_REGION_LENGTH__ = DEFINED (__FUSE_REGION_LENGTH__)?__FUSE_REGION_LENGTH__:0x400
                0x00000400                __LOCK_REGION_LENGTH__ = DEFINED (__LOCK_REGION_LENGTH__)?__LOCK_REGION_LENGTH__:0x400
                0x00000400                __SIGNATURE_REGION_LENGTH__ = DEFINED (__SIGNATURE_REGION_LENGTH__)?__SIGNATURE_REGION_LENGTH__:0x400
                0x00000400                __USER_SIGNATURE_REGION_LENGTH__ = DEFINED (__USER_SIGNATURE_REGION_LENGTH__)?__USER_SIGNATURE_REGION_LENGTH__:0x400

.hash
 *(.hash)

.dynsym
 *(.dynsym)

.dynstr
 *(.dynstr)

.gnu.version
 *(.gnu.version)

.gnu.version_d
 *(.gnu.version_d)

.gnu.version_r
 *(.gnu.version_r)

.rel.init
 *(.rel.init)

.rela.init
 *(.rela.init)

.rel.text
 *(.rel.text)
 *(.rel.text.*)
 *(.rel.gnu.linkonce.t*)

.rela.text
 *(.rela.text)
 *(.rela.text.*)
 *(.rela.gnu.linkonce.t*)

.rel.fini
 *(.rel.fini)

.rela.fini
 *(.rela.fini)

.rel.rodata
 *(.rel.rodata)
 *(.rel.rodata.*)
 *(.rel.gnu.linkonce.r*)

.rela.rodata
 *(.rela.rodata)
 *(.rela.rodata.*)
 *(.rela.gnu.linkonce.r*)

.rel.data
 *(.rel.data)
 *(.rel.data.*)
 *(.rel.gnu.linkonce.d*)

.rela.data
 *(.rela.data)
 *(.rela.data.*)
 *(.rela.gnu.linkonce.d*)

.rel.ctors
 *(.rel.ctors)

.rela.ctors
 *(.rela.ctors)

.rel.dtors
 *(.rel.dtors)

.rela.dtors
 *(.rela.dtors)

.rel.got
 *(.rel.got)

.rela.got
 *(.rela.got)

.rel.bss
 *(.rel.bss)

.rela.bss
 *(.rela.bss)

.rel.plt
 *(.rel.plt)

.rela.plt
 *(.rela.plt)

.text           0x00000000      0x930
 *(.vectors)
 .vectors       0x00000000       0x54 C:/Program Files (x86)/Atmel/Studio/7.0/Packs/atmel/ATmega_DFP/1.7.374/gcc/dev/atmega32/avr5/crtatmega32.o
                0x00000000                __vector_default
                0x00000000                __vectors
 *(.vectors)
 *(.progmem.gcc*)
                0x00000054                . = ALIGN (0x2)
                0x00000054                __trampolines_start = .
 *(.trampolines)
 .trampolines   0x00000054        0x0 linker stubs
 *(.trampolines*)
                0x00000054                __trampolines_end = .
 *libprintf_flt.a:*(.progmem.data)
 *libc.a:*(.progmem.data)
 *(.progmem*)
                0x00000054                . = ALIGN (0x2)
 *(.jumptables)
 *(.jumptables*)
 *(.lowtext)
 *(.lowtext*)
                0x00000054                __ctors_start = .
 *(.ctors)
                0x00000054                __ctors_end = .
                0x00000054                __dtors_start = .
 *(.dtors)
                0x00000054                __dtors_end = .
 SORT(*)(.ctors)
 SORT(*)(.dtors)
 *(.init0)
 .init0         0x00000054        0x0 C:/Program Files (x86)/Atmel/Studio/7.0/Packs/atmel/ATmega_DFP/1.7.374/gcc/dev/atmega32/avr5/crtatmega32.o
                0x00000054                __init
 *(.init0)
 *(.init1)
 *(.init1)
 *(.init2)
 .init2         0x00000054        0xc C:/Program Files (x86)/Atmel/Studio/7.0/Packs/atmel/ATmega_DFP/1.7.374/gcc/dev/atmega32/avr5/crtatmega32.o
 *(.init2)
 *(.init3)
 *(.init3)
 *(.init4)
 .init4         0x00000060       0x16 c:/program files (x86)/atmel/studio/7.0/toolchain/avr8/avr8-gnu-toolchain/bin/../lib/gcc/avr/5.4.0/avr5\libgcc.a(_copy_data.o)
                0x00000060                __do_copy_data
 .init4         0x00000076       0x10 c:/program files (x86)/atmel/studio/7.0/toolchain/avr8/avr8-gnu-toolchain/bin/../lib/gcc/avr/5.4.0/avr5\libgcc.a(_clear_bss.o)
                0x00000076                __do_clear_bss
 *(.init4)
 *(.init5)
 *(.init5)
 *(.init6)
 *(.init6)
 *(.init7)
 *(.init7)
 *(.init8)
 *(.init8)
 *(.init9)
 .init9         0x00000086        0x8 C:/Program Files (x86)/Atmel/Studio/7.0/Packs/atmel/ATmega_DFP/1.7.374/gcc/dev/atmega32/avr5/crtatmega32.o
 *(.init9)
 *(.text)
 .text          0x0000008e        0x4 C:/Program Files (x86)/Atmel/Studio/7.0/Packs/atmel/ATmega_DFP/1.7.374/gcc/dev/atmega32/avr5/crtatmega32.o
                0x0000008e                __vector_12
                0x0000008e                __bad_interrupt
                0x0000008e                __vector_6
                0x0000008e                __vector_13
                0x0000008e                __vector_17
                0x0000008e                __vector_19
                0x0000008e                __vector_7
                0x0000008e                __vector_5
                0x0000008e                __vector_4
                0x0000008e                __vector_9
                0x0000008e                __vector_15
                0x0000008e                __vector_8
                0x0000008e                __vector_14
                0x0000008e                __vector_16
                0x0000008e                __vector_18
                0x0000008e                __vector_20
                0x00000092                . = ALIGN (0x2)
 *(.text.*)
 .text.main     0x00000092       0x56 APP_LAYER/LAB_ADC_Synch/ADC_Synch.o
                0x00000092                main
 .text.LED_enumInit
                0x000000e8       0x52 HAL_LAYER/LED_MODULE/LED.o
                0x000000e8                LED_enumInit
 .text.LED_enumTurnOn
                0x0000013a       0x3e HAL_LAYER/LED_MODULE/LED.o
                0x0000013a                LED_enumTurnOn
 .text.LED_enumTurnOff
                0x00000178       0x3e HAL_LAYER/LED_MODULE/LED.o
                0x00000178                LED_enumTurnOff
 .text.ADC_SelectChannel
                0x000001b6        0xa MCAL_LAYER/ADC/ADC.o
 .text.ADC_GetResult
                0x000001c0       0x1e MCAL_LAYER/ADC/ADC.o
 .text.ADC_Init
                0x000001de       0x1e MCAL_LAYER/ADC/ADC.o
                0x000001de                ADC_Init
 .text.ADC_StartConversionSync
                0x000001fc       0x66 MCAL_LAYER/ADC/ADC.o
                0x000001fc                ADC_StartConversionSync
 .text.DIO_enumSetPin
                0x00000262       0xa6 MCAL_LAYER/DIO_MODULE/DIO_Driver/DIO.o
                0x00000262                DIO_enumSetPin
 .text.PORT_enumSetPinConfig
                0x00000308      0x1de MCAL_LAYER/DIO_MODULE/PORT_Driver/PORT.o
                0x00000308                PORT_enumSetPinConfig
 .text.__vector_1
                0x000004e6       0x52 MCAL_LAYER/EXTERNAL_INTERRUPT_MODULE/EXTI.o
                0x000004e6                __vector_1
 .text.__vector_2
                0x00000538       0x52 MCAL_LAYER/EXTERNAL_INTERRUPT_MODULE/EXTI.o
                0x00000538                __vector_2
 .text.__vector_3
                0x0000058a       0x52 MCAL_LAYER/EXTERNAL_INTERRUPT_MODULE/EXTI.o
                0x0000058a                __vector_3
 .text.__vector_11
                0x000005dc       0x84 MCAL_LAYER/TIMER/Timer.o
                0x000005dc                __vector_11
 .text.__vector_10
                0x00000660       0x84 MCAL_LAYER/TIMER/Timer.o
                0x00000660                __vector_10
 .text.avr-libc.fplib
                0x000006e4       0x7a c:/program files (x86)/atmel/studio/7.0/toolchain/avr8/avr8-gnu-toolchain/bin/../lib/gcc/avr/5.4.0/../../../../avr/lib/avr5\libm.a(floatsisf.o)
                0x000006e4                __floatunsisf
                0x000006e8                __floatsisf
 .text.avr-libc.fplib
                0x0000075e        0xa c:/program files (x86)/atmel/studio/7.0/toolchain/avr8/avr8-gnu-toolchain/bin/../lib/gcc/avr/5.4.0/../../../../avr/lib/avr5\libm.a(gesf2.o)
                0x0000075e                __gesf2
                0x0000075e                __gtsf2
 .text.avr-libc.fplib
                0x00000768        0x8 c:/program files (x86)/atmel/studio/7.0/toolchain/avr8/avr8-gnu-toolchain/bin/../lib/gcc/avr/5.4.0/../../../../avr/lib/avr5\libm.a(mulsf3.o)
                0x00000768                __mulsf3
 .text.avr-libc.fplib
                0x00000770       0xd2 c:/program files (x86)/atmel/studio/7.0/toolchain/avr8/avr8-gnu-toolchain/bin/../lib/gcc/avr/5.4.0/../../../../avr/lib/avr5\libm.a(mulsf3x.o)
                0x0000078e                __mulsf3x
                0x00000794                __mulsf3_pse
 .text.avr-libc.fplib
                0x00000842       0x48 c:/program files (x86)/atmel/studio/7.0/toolchain/avr8/avr8-gnu-toolchain/bin/../lib/gcc/avr/5.4.0/../../../../avr/lib/avr5\libm.a(fp_cmp.o)
                0x00000842                __fp_cmp
 .text.avr-libc.fplib
                0x0000088a        0xc c:/program files (x86)/atmel/studio/7.0/toolchain/avr8/avr8-gnu-toolchain/bin/../lib/gcc/avr/5.4.0/../../../../avr/lib/avr5\libm.a(fp_inf.o)
                0x0000088a                __fp_inf
 .text.avr-libc.fplib
                0x00000896        0x6 c:/program files (x86)/atmel/studio/7.0/toolchain/avr8/avr8-gnu-toolchain/bin/../lib/gcc/avr/5.4.0/../../../../avr/lib/avr5\libm.a(fp_nan.o)
                0x00000896                __fp_nan
 .text.avr-libc.fplib
                0x0000089c        0xe c:/program files (x86)/atmel/studio/7.0/toolchain/avr8/avr8-gnu-toolchain/bin/../lib/gcc/avr/5.4.0/../../../../avr/lib/avr5\libm.a(fp_pscA.o)
                0x0000089c                __fp_pscA
 .text.avr-libc.fplib
                0x000008aa        0xe c:/program files (x86)/atmel/studio/7.0/toolchain/avr8/avr8-gnu-toolchain/bin/../lib/gcc/avr/5.4.0/../../../../avr/lib/avr5\libm.a(fp_pscB.o)
                0x000008aa                __fp_pscB
 .text.avr-libc.fplib
                0x000008b8       0x22 c:/program files (x86)/atmel/studio/7.0/toolchain/avr8/avr8-gnu-toolchain/bin/../lib/gcc/avr/5.4.0/../../../../avr/lib/avr5\libm.a(fp_round.o)
                0x000008b8                __fp_round
 .text.avr-libc.fplib
                0x000008da       0x44 c:/program files (x86)/atmel/studio/7.0/toolchain/avr8/avr8-gnu-toolchain/bin/../lib/gcc/avr/5.4.0/../../../../avr/lib/avr5\libm.a(fp_split3.o)
                0x000008da                __fp_split3
                0x000008ea                __fp_splitA
 .text.avr-libc.fplib
                0x0000091e        0xe c:/program files (x86)/atmel/studio/7.0/toolchain/avr8/avr8-gnu-toolchain/bin/../lib/gcc/avr/5.4.0/../../../../avr/lib/avr5\libm.a(fp_zero.o)
                0x0000091e                __fp_zero
                0x00000920                __fp_szero
                0x0000092c                . = ALIGN (0x2)
 *(.fini9)
 .fini9         0x0000092c        0x0 c:/program files (x86)/atmel/studio/7.0/toolchain/avr8/avr8-gnu-toolchain/bin/../lib/gcc/avr/5.4.0/avr5\libgcc.a(_exit.o)
                0x0000092c                _exit
                0x0000092c                exit
 *(.fini9)
 *(.fini8)
 *(.fini8)
 *(.fini7)
 *(.fini7)
 *(.fini6)
 *(.fini6)
 *(.fini5)
 *(.fini5)
 *(.fini4)
 *(.fini4)
 *(.fini3)
 *(.fini3)
 *(.fini2)
 *(.fini2)
 *(.fini1)
 *(.fini1)
 *(.fini0)
 .fini0         0x0000092c        0x4 c:/program files (x86)/atmel/studio/7.0/toolchain/avr8/avr8-gnu-toolchain/bin/../lib/gcc/avr/5.4.0/avr5\libgcc.a(_exit.o)
 *(.fini0)
                0x00000930                _etext = .

.data           0x00800060       0x28 load address 0x00000930
                0x00800060                PROVIDE (__data_start, .)
 *(.data)
 *(.data*)
 .data.Led1     0x00800060        0x4 HAL_LAYER/LED_MODULE/LED_Config.o
                0x00800060                Led1
 .data.PORTX_Registers
                0x00800064        0x8 MCAL_LAYER/DIO_MODULE/PORT_Driver/PORT.o
                0x00800064                PORTX_Registers
 .data.DDRX_Registers
                0x0080006c        0x8 MCAL_LAYER/DIO_MODULE/PORT_Driver/PORT.o
                0x0080006c                DDRX_Registers
 *(.gnu.linkonce.d*)
 *(.rodata)
 *(.rodata*)
 .rodata.Timer0_CMPMatchNumber
                0x00800074        0x5 MCAL_LAYER/TIMER/Timer.o
                0x00800074                Timer0_CMPMatchNumber
 .rodata.Timer0_CTCPreloadValues
                0x00800079        0x5 MCAL_LAYER/TIMER/Timer.o
                0x00800079                Timer0_CTCPreloadValues
 .rodata.Timer0_OverflowsNumber
                0x0080007e        0x5 MCAL_LAYER/TIMER/Timer.o
                0x0080007e                Timer0_OverflowsNumber
 .rodata.Timer0_OVPreloadValues
                0x00800083        0x5 MCAL_LAYER/TIMER/Timer.o
                0x00800083                Timer0_OVPreloadValues
 *(.gnu.linkonce.r*)
                0x00800088                . = ALIGN (0x2)
                0x00800088                _edata = .
                0x00800088                PROVIDE (__data_end, .)

.bss            0x00800088        0xf
                0x00800088                PROVIDE (__bss_start, .)
 *(.bss)
 *(.bss*)
 .bss.Result    0x00800088        0x2 APP_LAYER/LAB_ADC_Synch/ADC_Synch.o
                0x00800088                Result
 .bss.EXTI2_ISR
                0x0080008a        0x2 MCAL_LAYER/EXTERNAL_INTERRUPT_MODULE/EXTI.o
                0x0080008a                EXTI2_ISR
 .bss.EXTI1_ISR
                0x0080008c        0x2 MCAL_LAYER/EXTERNAL_INTERRUPT_MODULE/EXTI.o
                0x0080008c                EXTI1_ISR
 .bss.EXTI0_ISR
                0x0080008e        0x2 MCAL_LAYER/EXTERNAL_INTERRUPT_MODULE/EXTI.o
                0x0080008e                EXTI0_ISR
 .bss.Counter.1644
                0x00800090        0x1 MCAL_LAYER/TIMER/Timer.o
 .bss.Counter.1638
                0x00800091        0x1 MCAL_LAYER/TIMER/Timer.o
 .bss.TIMER0_CMPMatchCB
                0x00800092        0x2 MCAL_LAYER/TIMER/Timer.o
                0x00800092                TIMER0_CMPMatchCB
 .bss.TIMER0_OverFlowCB
                0x00800094        0x2 MCAL_LAYER/TIMER/Timer.o
                0x00800094                TIMER0_OverFlowCB
 *(COMMON)
 COMMON         0x00800096        0x1 MCAL_LAYER/TIMER/Timer.o
                0x00800096                TIMER0_TimeMS
                0x00800097                PROVIDE (__bss_end, .)
                0x00000930                __data_load_start = LOADADDR (.data)
                0x00000958                __data_load_end = (__data_load_start + SIZEOF (.data))

.noinit         0x00800097        0x0
                [!provide]                PROVIDE (__noinit_start, .)
 *(.noinit*)
                [!provide]                PROVIDE (__noinit_end, .)
                0x00800097                _end = .
                [!provide]                PROVIDE (__heap_start, .)

.eeprom         0x00810000        0x0
 *(.eeprom*)
                0x00810000                __eeprom_end = .

.fuse
 *(.fuse)
 *(.lfuse)
 *(.hfuse)
 *(.efuse)

.lock
 *(.lock*)

.signature
 *(.signature*)

.user_signatures
 *(.user_signatures*)

.stab
 *(.stab)

.stabstr
 *(.stabstr)

.stab.excl
 *(.stab.excl)

.stab.exclstr
 *(.stab.exclstr)

.stab.index
 *(.stab.index)

.stab.indexstr
 *(.stab.indexstr)

.comment        0x00000000       0x30
 *(.comment)
 .comment       0x00000000       0x30 APP_LAYER/LAB_ADC_Synch/ADC_Synch.o
                                 0x31 (size before relaxing)
 .comment       0x00000030       0x31 HAL_LAYER/LED_MODULE/LED.o
 .comment       0x00000030       0x31 HAL_LAYER/LED_MODULE/LED_Config.o
 .comment       0x00000030       0x31 MCAL_LAYER/ADC/ADC.o
 .comment       0x00000030       0x31 MCAL_LAYER/DIO_MODULE/DIO_Driver/DIO.o
 .comment       0x00000030       0x31 MCAL_LAYER/DIO_MODULE/PORT_Driver/PORT.o
 .comment       0x00000030       0x31 MCAL_LAYER/EXTERNAL_INTERRUPT_MODULE/EXTI.o
 .comment       0x00000030       0x31 MCAL_LAYER/TIMER/Timer.o

.note.gnu.avr.deviceinfo
                0x00000000       0x3c
 .note.gnu.avr.deviceinfo
                0x00000000       0x3c C:/Program Files (x86)/Atmel/Studio/7.0/Packs/atmel/ATmega_DFP/1.7.374/gcc/dev/atmega32/avr5/crtatmega32.o

.note.gnu.build-id
 *(.note.gnu.build-id)

.debug
 *(.debug)

.line
 *(.line)

.debug_srcinfo
 *(.debug_srcinfo)

.debug_sfnames
 *(.debug_sfnames)

.debug_aranges  0x00000000      0x1b0
 *(.debug_aranges)
 .debug_aranges
                0x00000000       0x20 APP_LAYER/LAB_ADC_Synch/ADC_Synch.o
 .debug_aranges
                0x00000020       0x38 HAL_LAYER/LED_MODULE/LED.o
 .debug_aranges
                0x00000058       0x18 HAL_LAYER/LED_MODULE/LED_Config.o
 .debug_aranges
                0x00000070       0x48 MCAL_LAYER/ADC/ADC.o
 .debug_aranges
                0x000000b8       0x40 MCAL_LAYER/DIO_MODULE/DIO_Driver/DIO.o
 .debug_aranges
                0x000000f8       0x30 MCAL_LAYER/DIO_MODULE/PORT_Driver/PORT.o
 .debug_aranges
                0x00000128       0x40 MCAL_LAYER/EXTERNAL_INTERRUPT_MODULE/EXTI.o
 .debug_aranges
                0x00000168       0x48 MCAL_LAYER/TIMER/Timer.o

.debug_pubnames
 *(.debug_pubnames)

.debug_info     0x00000000     0x1c6a
 *(.debug_info .gnu.linkonce.wi.*)
 .debug_info    0x00000000      0x4e6 C:/Program Files (x86)/Atmel/Studio/7.0/Packs/atmel/ATmega_DFP/1.7.374/gcc/dev/atmega32/avr5/crtatmega32.o
 .debug_info    0x000004e6      0x37a APP_LAYER/LAB_ADC_Synch/ADC_Synch.o
 .debug_info    0x00000860      0x498 HAL_LAYER/LED_MODULE/LED.o
 .debug_info    0x00000cf8      0x22c HAL_LAYER/LED_MODULE/LED_Config.o
 .debug_info    0x00000f24      0x2c7 MCAL_LAYER/ADC/ADC.o
 .debug_info    0x000011eb      0x35f MCAL_LAYER/DIO_MODULE/DIO_Driver/DIO.o
 .debug_info    0x0000154a      0x2f8 MCAL_LAYER/DIO_MODULE/PORT_Driver/PORT.o
 .debug_info    0x00001842      0x143 MCAL_LAYER/EXTERNAL_INTERRUPT_MODULE/EXTI.o
 .debug_info    0x00001985      0x2e5 MCAL_LAYER/TIMER/Timer.o

.debug_abbrev   0x00000000      0xd40
 *(.debug_abbrev)
 .debug_abbrev  0x00000000      0x4a3 C:/Program Files (x86)/Atmel/Studio/7.0/Packs/atmel/ATmega_DFP/1.7.374/gcc/dev/atmega32/avr5/crtatmega32.o
 .debug_abbrev  0x000004a3      0x160 APP_LAYER/LAB_ADC_Synch/ADC_Synch.o
 .debug_abbrev  0x00000603      0x140 HAL_LAYER/LED_MODULE/LED.o
 .debug_abbrev  0x00000743       0xa6 HAL_LAYER/LED_MODULE/LED_Config.o
 .debug_abbrev  0x000007e9      0x16c MCAL_LAYER/ADC/ADC.o
 .debug_abbrev  0x00000955      0x10d MCAL_LAYER/DIO_MODULE/DIO_Driver/DIO.o
 .debug_abbrev  0x00000a62      0x131 MCAL_LAYER/DIO_MODULE/PORT_Driver/PORT.o
 .debug_abbrev  0x00000b93       0x9f MCAL_LAYER/EXTERNAL_INTERRUPT_MODULE/EXTI.o
 .debug_abbrev  0x00000c32      0x10e MCAL_LAYER/TIMER/Timer.o

.debug_line     0x00000000      0xffc
 *(.debug_line .debug_line.* .debug_line_end)
 .debug_line    0x00000000      0x116 C:/Program Files (x86)/Atmel/Studio/7.0/Packs/atmel/ATmega_DFP/1.7.374/gcc/dev/atmega32/avr5/crtatmega32.o
 .debug_line    0x00000116      0x1b2 APP_LAYER/LAB_ADC_Synch/ADC_Synch.o
 .debug_line    0x000002c8      0x263 HAL_LAYER/LED_MODULE/LED.o
 .debug_line    0x0000052b       0x93 HAL_LAYER/LED_MODULE/LED_Config.o
 .debug_line    0x000005be      0x23f MCAL_LAYER/ADC/ADC.o
 .debug_line    0x000007fd      0x20d MCAL_LAYER/DIO_MODULE/DIO_Driver/DIO.o
 .debug_line    0x00000a0a      0x236 MCAL_LAYER/DIO_MODULE/PORT_Driver/PORT.o
 .debug_line    0x00000c40      0x18c MCAL_LAYER/EXTERNAL_INTERRUPT_MODULE/EXTI.o
 .debug_line    0x00000dcc      0x230 MCAL_LAYER/TIMER/Timer.o

.debug_frame    0x00000000      0x3f8
 *(.debug_frame)
 .debug_frame   0x00000000       0x24 APP_LAYER/LAB_ADC_Synch/ADC_Synch.o
 .debug_frame   0x00000024       0x60 HAL_LAYER/LED_MODULE/LED.o
 .debug_frame   0x00000084       0x8c MCAL_LAYER/ADC/ADC.o
 .debug_frame   0x00000110       0x64 MCAL_LAYER/DIO_MODULE/DIO_Driver/DIO.o
 .debug_frame   0x00000174       0x44 MCAL_LAYER/DIO_MODULE/PORT_Driver/PORT.o
 .debug_frame   0x000001b8      0x13c MCAL_LAYER/EXTERNAL_INTERRUPT_MODULE/EXTI.o
 .debug_frame   0x000002f4      0x104 MCAL_LAYER/TIMER/Timer.o

.debug_str      0x00000000      0xd42
 *(.debug_str)
 .debug_str     0x00000000      0x196 C:/Program Files (x86)/Atmel/Studio/7.0/Packs/atmel/ATmega_DFP/1.7.374/gcc/dev/atmega32/avr5/crtatmega32.o
 .debug_str     0x00000196      0x4a6 APP_LAYER/LAB_ADC_Synch/ADC_Synch.o
                                0x4c3 (size before relaxing)
 .debug_str     0x0000063c      0x10a HAL_LAYER/LED_MODULE/LED.o
                                0x50a (size before relaxing)
 .debug_str     0x00000746       0x40 HAL_LAYER/LED_MODULE/LED_Config.o
                                0x3c3 (size before relaxing)
 .debug_str     0x00000786      0x11a MCAL_LAYER/ADC/ADC.o
                                0x2ff (size before relaxing)
 .debug_str     0x000008a0       0xf0 MCAL_LAYER/DIO_MODULE/DIO_Driver/DIO.o
                                0x49d (size before relaxing)
 .debug_str     0x00000990       0x9c MCAL_LAYER/DIO_MODULE/PORT_Driver/PORT.o
                                0x488 (size before relaxing)
 .debug_str     0x00000a2c       0xcc MCAL_LAYER/EXTERNAL_INTERRUPT_MODULE/EXTI.o
                                0x241 (size before relaxing)
 .debug_str     0x00000af8      0x24a MCAL_LAYER/TIMER/Timer.o
                                0x3db (size before relaxing)

.debug_loc      0x00000000     0x11e0
 *(.debug_loc)
 .debug_loc     0x00000000       0x1e APP_LAYER/LAB_ADC_Synch/ADC_Synch.o
 .debug_loc     0x0000001e      0x3d7 HAL_LAYER/LED_MODULE/LED.o
 .debug_loc     0x000003f5      0x326 MCAL_LAYER/ADC/ADC.o
 .debug_loc     0x0000071b      0x2b2 MCAL_LAYER/DIO_MODULE/DIO_Driver/DIO.o
 .debug_loc     0x000009cd      0x25c MCAL_LAYER/DIO_MODULE/PORT_Driver/PORT.o
 .debug_loc     0x00000c29      0x29f MCAL_LAYER/EXTERNAL_INTERRUPT_MODULE/EXTI.o
 .debug_loc     0x00000ec8      0x318 MCAL_LAYER/TIMER/Timer.o

.debug_macinfo
 *(.debug_macinfo)

.debug_weaknames
 *(.debug_weaknames)

.debug_funcnames
 *(.debug_funcnames)

.debug_typenames
 *(.debug_typenames)

.debug_varnames
 *(.debug_varnames)

.debug_pubtypes
 *(.debug_pubtypes)

.debug_ranges   0x00000000      0x188
 *(.debug_ranges)
 .debug_ranges  0x00000000       0x10 APP_LAYER/LAB_ADC_Synch/ADC_Synch.o
 .debug_ranges  0x00000010       0x88 HAL_LAYER/LED_MODULE/LED.o
 .debug_ranges  0x00000098       0x38 MCAL_LAYER/ADC/ADC.o
 .debug_ranges  0x000000d0       0x30 MCAL_LAYER/DIO_MODULE/DIO_Driver/DIO.o
 .debug_ranges  0x00000100       0x20 MCAL_LAYER/DIO_MODULE/PORT_Driver/PORT.o
 .debug_ranges  0x00000120       0x30 MCAL_LAYER/EXTERNAL_INTERRUPT_MODULE/EXTI.o
 .debug_ranges  0x00000150       0x38 MCAL_LAYER/TIMER/Timer.o

.debug_macro
 *(.debug_macro)
OUTPUT(AVR_ATmega32_Drivers.elf elf32-avr)
LOAD linker stubs
